{
  "questions": [
    {
      "category": "sports",
      "id": 0,
      "question": "Which one is correct team name in the Eredivisie?",
      "options": [ "Amsterdam United", "FC Leiden", "Troy", "Nijmegen Eendracht Combinatie" ],
      "answer": "Nijmegen Eendracht Combinatie"
    },
    {
      "category": "computing science",
      "id": 1,
      "question": "What is the type of the function \"f = uncurry . const\"?",
      "options": [
        "f :: (b -> c) -> (a, b) -> c",
        "f :: (a -> b1 -> c) -> b2 -> (a, b1) -> c"
      ],
      "answer": "f :: (b -> c) -> (a, b) -> c"
    },
    {
      "category": "computing science",
      "id": 2,
      "question": "What is the title of Turing's 1936 paper that is often considered the birth of modern computing science?",
      "options": [
        "An Unsolvable Problem of Elementary Number Theory",
        "Computing Machinery and Intelligence",
        "On computable numbers, with an application to the Entscheidungsproblem",
        "Finite automata and their decision problems"
      ],
      "answer": "On computable numbers, with an application to the Entscheidungsproblem"
    },
    {
      "category": {},
      "id": 3,
      "question": { "field": "None" },
      "options": [],
      "answer": null
    }
  ]
}
